../RTT/SEGGER_RTT.c:308:13:_DoInit	16	static
../RTT/SEGGER_RTT.c:368:17:_WriteBlocking	48	static
../RTT/SEGGER_RTT.c:430:13:_WriteNoCheck	40	static
../RTT/SEGGER_RTT.c:498:13:_PostTerminalSwitch	24	static
../RTT/SEGGER_RTT.c:520:17:_GetAvailWriteSpace	32	static
../RTT/SEGGER_RTT.c:567:10:SEGGER_RTT_ReadUpBufferNoLock	56	static
../RTT/SEGGER_RTT.c:659:10:SEGGER_RTT_ReadNoLock	56	static
../RTT/SEGGER_RTT.c:756:10:SEGGER_RTT_ReadUpBuffer	32	static,ignoring_inline_asm
../RTT/SEGGER_RTT.c:788:10:SEGGER_RTT_Read	32	static,ignoring_inline_asm
../RTT/SEGGER_RTT.c:827:6:SEGGER_RTT_WriteWithOverwriteNoLock	40	static
../RTT/SEGGER_RTT.c:928:10:SEGGER_RTT_WriteSkipNoLock	56	static
../RTT/SEGGER_RTT.c:1019:10:SEGGER_RTT_WriteDownBufferNoLock	40	static
../RTT/SEGGER_RTT.c:1094:10:SEGGER_RTT_WriteNoLock	40	static
../RTT/SEGGER_RTT.c:1170:10:SEGGER_RTT_WriteDownBuffer	40	static,ignoring_inline_asm
../RTT/SEGGER_RTT.c:1199:10:SEGGER_RTT_Write	40	static,ignoring_inline_asm
../RTT/SEGGER_RTT.c:1229:10:SEGGER_RTT_WriteString	24	static
../RTT/SEGGER_RTT.c:1259:10:SEGGER_RTT_PutCharSkipNoLock	32	static
../RTT/SEGGER_RTT.c:1309:10:SEGGER_RTT_PutCharSkip	40	static,ignoring_inline_asm
../RTT/SEGGER_RTT.c:1368:10:SEGGER_RTT_PutChar	40	static,ignoring_inline_asm
../RTT/SEGGER_RTT.c:1431:5:SEGGER_RTT_GetKey	16	static
../RTT/SEGGER_RTT.c:1459:5:SEGGER_RTT_WaitKey	16	static
../RTT/SEGGER_RTT.c:1482:5:SEGGER_RTT_HasKey	24	static
../RTT/SEGGER_RTT.c:1510:10:SEGGER_RTT_HasData	24	static
../RTT/SEGGER_RTT.c:1531:10:SEGGER_RTT_HasDataUp	24	static
../RTT/SEGGER_RTT.c:1560:5:SEGGER_RTT_AllocDownBuffer	40	static,ignoring_inline_asm
../RTT/SEGGER_RTT.c:1609:5:SEGGER_RTT_AllocUpBuffer	40	static,ignoring_inline_asm
../RTT/SEGGER_RTT.c:1664:5:SEGGER_RTT_ConfigUpBuffer	48	static,ignoring_inline_asm
../RTT/SEGGER_RTT.c:1716:5:SEGGER_RTT_ConfigDownBuffer	48	static,ignoring_inline_asm
../RTT/SEGGER_RTT.c:1759:5:SEGGER_RTT_SetNameUpBuffer	40	static,ignoring_inline_asm
../RTT/SEGGER_RTT.c:1794:5:SEGGER_RTT_SetNameDownBuffer	40	static,ignoring_inline_asm
../RTT/SEGGER_RTT.c:1830:5:SEGGER_RTT_SetFlagsUpBuffer	40	static,ignoring_inline_asm
../RTT/SEGGER_RTT.c:1866:5:SEGGER_RTT_SetFlagsDownBuffer	40	static,ignoring_inline_asm
../RTT/SEGGER_RTT.c:1894:6:SEGGER_RTT_Init	8	static
../RTT/SEGGER_RTT.c:1915:5:SEGGER_RTT_SetTerminal	40	static,ignoring_inline_asm
../RTT/SEGGER_RTT.c:1964:5:SEGGER_RTT_TerminalOut	40	static,ignoring_inline_asm
../RTT/SEGGER_RTT.c:2052:10:SEGGER_RTT_GetAvailWriteSpace	24	static
../RTT/SEGGER_RTT.c:2073:10:SEGGER_RTT_GetBytesInBuffer	32	static
