../Core/Src/ax5689_control.c:346:6:IO_Init	8	static
../Core/Src/ax5689_control.c:365:19:AX5689_Read	48	static
../Core/Src/ax5689_control.c:391:19:AX5689_Write	40	static
../Core/Src/ax5689_control.c:409:6:AX5689_WriteRegisterSet	32	static
../Core/Src/ax5689_control.c:426:6:AX5689_Setup	8	static
../Core/Src/ax5689_control.c:436:6:StartControlLoop	8	static
../Core/Src/ax5689_control.c:470:6:StopControlLoop	8	static
../Core/Src/ax5689_control.c:501:6:clearStatusRegisters	16	static
../Core/Src/ax5689_control.c:513:6:checkStatusRegister	16	static
