../Core/Src/ax5689_control.c:345:6:IO_Init	8	static
../Core/Src/ax5689_control.c:366:19:AX5689_Read	48	static
../Core/Src/ax5689_control.c:392:19:AX5689_Write	40	static
../Core/Src/ax5689_control.c:410:6:AX5689_WriteRegisterSet	32	static
../Core/Src/ax5689_control.c:427:6:AX5689_Setup	8	static
../Core/Src/ax5689_control.c:448:6:StartControlLoop	8	static
../Core/Src/ax5689_control.c:480:6:StopControlLoop	8	static
../Core/Src/ax5689_control.c:512:6:clearStatusRegisters	16	static
../Core/Src/ax5689_control.c:524:6:checkStatusRegister	16	static
