../Core/Src/ax5689_control.c:20:6:IO_Init	8	static
../Core/Src/ax5689_control.c:43:19:AX5689_Read	48	static
../Core/Src/ax5689_control.c:69:19:AX5689_Write	40	static
../Core/Src/ax5689_control.c:87:6:AX5689_WriteRegisterSet	32	static
../Core/Src/ax5689_control.c:104:6:AX5689_Setup	8	static
../Core/Src/ax5689_control.c:121:6:StartControlLoop	8	static
../Core/Src/ax5689_control.c:153:6:StopControlLoop	8	static
../Core/Src/ax5689_control.c:185:6:clearStatusRegisters	16	static
../Core/Src/ax5689_control.c:197:6:checkStatusRegister	16	static
