../Core/Src/ax5689_control.c:38:6:IO_Init	8	static
../Core/Src/ax5689_control.c:73:19:AX5689_Read	48	static
../Core/Src/ax5689_control.c:101:19:AX5689_Write	48	static
../Core/Src/ax5689_control.c:126:6:AX5689_WriteRegisterSet	24	static
../Core/Src/ax5689_control.c:152:6:AX5689_Setup	8	static
../Core/Src/ax5689_control.c:180:6:StartControlLoop	16	static
../Core/Src/ax5689_control.c:233:6:StopControlLoop	8	static
../Core/Src/ax5689_control.c:271:6:clearStatusRegisters	16	static
../Core/Src/ax5689_control.c:286:6:checkStatusRegister	16	static
../Core/Src/ax5689_control.c:310:6:AX5689_SetConfigMode	16	static
../Core/Src/ax5689_control.c:319:21:AX5689_GetConfigMode	8	static
../Core/Src/ax5689_control.c:327:6:AX5689_SwitchToOpenLoop	16	static
../Core/Src/ax5689_control.c:361:6:AX5689_SwitchToCloseLoop	16	static
../Core/Src/ax5689_control.c:397:13:AX5689_PowerSequence_Init	8	static
../Core/Src/ax5689_control.c:429:13:AX5689_EnableController	8	static
../Core/Src/ax5689_control.c:438:13:AX5689_DisableController	8	static
