../Core/Src/ax5689_control.c:46:6:IO_Init	8	static
../Core/Src/ax5689_control.c:81:19:AX5689_Read	48	static
../Core/Src/ax5689_control.c:109:19:AX5689_Write	48	static
../Core/Src/ax5689_control.c:134:6:AX5689_WriteRegisterSet	24	static
../Core/Src/ax5689_control.c:160:6:AX5689_Setup	8	static
../Core/Src/ax5689_control.c:188:6:StartControlLoop	16	static
../Core/Src/ax5689_control.c:241:6:StopControlLoop	8	static
../Core/Src/ax5689_control.c:279:6:clearStatusRegisters	16	static
../Core/Src/ax5689_control.c:295:6:checkStatusRegister	16	static
../Core/Src/ax5689_control.c:368:6:AX5689_PeriodicFaultCheck	16	static
../Core/Src/ax5689_control.c:386:6:AX5689_SetConfigMode	16	static
../Core/Src/ax5689_control.c:395:21:AX5689_GetConfigMode	8	static
../Core/Src/ax5689_control.c:403:6:AX5689_SwitchToOpenLoop	16	static
../Core/Src/ax5689_control.c:437:6:AX5689_SwitchToCloseLoop	16	static
../Core/Src/ax5689_control.c:473:13:AX5689_PowerSequence_Init	8	static
../Core/Src/ax5689_control.c:505:13:AX5689_EnableController	8	static
../Core/Src/ax5689_control.c:514:13:AX5689_DisableController	8	static
