../Core/Src/main.c:71:5:main	8	static
../Core/Src/main.c:131:6:SystemClock_Config	88	static
../Core/Src/main.c:176:13:MX_I2C2_Init	8	static
../Core/Src/main.c:224:13:MX_SPI2_Init	8	static
../Core/Src/main.c:264:13:MX_USART1_UART_Init	8	static
../Core/Src/main.c:312:13:MX_GPIO_Init	56	static
../Core/Src/main.c:380:13:AX5689_InitialSetup	8	static
../Core/Src/main.c:406:13:GPIO_ModeSwitch_Init	8	static
../Core/Src/main.c:421:13:GPIO_ModeSwitch_Process	8	static
../Core/Src/main.c:463:6:Error_Handler	8	static,ignoring_inline_asm
